main.c:91:5:main	8	static
main.c:149:6:SystemClock_Config	72	static
main.c:185:13:MX_TIM2_Init	32	static
main.c:230:13:MX_GPIO_Init	32	static
main.c:279:6:reset_led_counter	4	static
main.c:282:6:toggle_led_flag	4	static
main.c:289:6:seg7led_turn	4	static
main.c:300:6:toggle_flag	4	static
main.c:307:6:reset_counter	4	static
main.c:310:6:update7SEG	40	static
main.c:336:6:turn_led	16	static
main.c:364:6:time_update	8	static
main.c:379:6:updateClockBuffer	4	static
main.c:397:6:HAL_TIM_PeriodElapsedCallback	16	static
main.c:409:6:turn_on_row	16	static
main.c:495:6:updateLEDMatrix	16	static
main.c:505:6:display7SEG	24	static
main.c:607:6:Error_Handler	4	static,ignoring_inline_asm
