main.c:86:5:main	8	static
main.c:140:6:SystemClock_Config	72	static
main.c:176:13:MX_TIM2_Init	32	static
main.c:221:13:MX_GPIO_Init	32	static
main.c:258:6:reset_led_counter	4	static
main.c:261:6:toggle_led_flag	4	static
main.c:268:6:seg7led_turn	4	static
main.c:279:6:toggle_flag	4	static
main.c:286:6:reset_counter	4	static
main.c:289:6:update7SEG	40	static
main.c:315:6:turn_led	16	static
main.c:343:6:time_update	8	static
main.c:358:6:updateClockBuffer	4	static
main.c:376:6:HAL_TIM_PeriodElapsedCallback	16	static
main.c:389:6:display7SEG	24	static
main.c:491:6:Error_Handler	4	static,ignoring_inline_asm
